[48;2;13;14;11m[38;2;167;217;29m⠀⠀⠀⠀⠀⠀⠀⠀⠀⠀⠀⠀⠀⠀⠀⠀⠀⠀⠀⠀⠀⠀⢸⣿⣿⣿⡇⠀⠀⠀⠀⠀⠀⢸⣿⣿⣿⡇⠀⠀⠀⠀⠀⠀⠀⠀⠀⠀⠀⠀⠀⠀⠀⠀[0m
[48;2;13;14;11m[38;2;167;217;29m⠀⢀⣠⣤⣤⣄⢀⣤⣤⣤⡀⠀⠀⣀⣤⣤⣤⣤⣤⣀⠀⠀⢸⣿⣿⣿⣇⣠⣤⣤⣄⡀⠀⢸⣿⣿⣿⡇⣠⣤⣤⣄⡀⠀⣤⣤⣤⣄⠀⠀⣤⣤⣤⣤[0m
[48;2;13;14;11m[38;2;167;217;29m⢀⣾⣿⣿⡿⠿⢿⣿⣿⣿⡇⢀⣾⣿⣿⡟⠛⢿⣿⣿⣷⠀⢸⣿⣿⣿⡿⠿⢿⣿⣿⣷⠀⢸⣿⣿⣿⡿⠿⢿⣿⣿⣷⡀⢹⣿⣿⣿⡀⢀⣿⣿⣿⠇[0m
[48;2;13;14;11m[38;2;167;217;29m⢸⣿⣿⣿⡇⠀⢸⣿⣿⣿⡇⢸⣿⣿⣿⡇⠀⢸⣿⣿⣿⡆⢸⣿⣿⣿⡇⠀⢸⣿⣿⣿⡇⢸⣿⣿⣿⡇⠀⢸⣿⣿⣿⡇⠀⢿⣿⣿⡇⢸⣿⣿⡟⠀[0m
[48;2;13;14;11m[38;2;167;217;29m⢸⣿⣿⣿⡇⠀⣸⣿⣿⣿⡇⢸⣿⣿⣿⡇⠀⢸⣿⣿⣿⠃⢸⣿⣿⣿⡇⠀⢸⣿⣿⣿⡇⢸⣿⣿⣿⡇⠀⢸⣿⣿⣿⡇⠀⠘⣿⣿⣷⣾⣿⣿⠁⠀[0m
[48;2;13;14;11m[38;2;167;217;29m⠀⠻⣿⣿⣿⣿⢿⣿⣿⣿⡇⠈⢿⣿⣿⣷⣤⣾⣿⣿⠟⠀⢸⣿⣿⣿⣷⣶⣾⣿⣿⡿⠀⢸⣿⣿⣿⣷⣶⣾⣿⣿⡿⠀⠀⠀⢹⣿⣿⣿⣿⡏⠀⠀[0m
[48;2;13;14;11m[38;2;167;217;29m⠀⣀⣈⣉⡉⠁⣸⣿⣿⣿⠃⠀⠀⠉⠛⠛⠛⠛⠋⠁⠀⠀⠘⠛⠛⠛⠁⠙⠛⠛⠋⠀⠀⠈⠛⠛⠛⠁⠙⠛⠛⠋⠀⠀⠀⣀⣀⣿⣿⣿⡿⠀⠀⠀[0m
[48;2;13;14;11m[38;2;167;217;29m⠀⠙⠿⣿⣿⣿⣿⣿⠿⠋⠀⠀⠀⠀⠀⠀⠀⠀⠀⠀⠀⠀⠀⠀⠀⠀⠀⠀⠀⠀⠀⠀⠀⠀⠀⠀⠀⠀⠀⠀⠀⠀⠀⠀⠀⣿⣿⣿⡿⠟⠁⠀⠀⠀[0m
