2026-04-27T21:13:17Z d45545c5-ded5-4335-b115-0245752edacf 12725 task-12725-lifecycle-dispatch 46580e812d895b71b25d3917dba4a25a4093a4be268f729bd9f4ff2999e062d6 -> 638e91654a508cd4043b0ae07f0962c69ee86f595d7ade8453132a68cd83b547
2026-04-28T06:40:29Z d45545c5-ded5-4335-b115-0245752edacf 12725 task-12725-lifecycle-dispatch-rev1 4edb022993f2261442437db10aeaec2d25c71a90db68767a5c08a4877af67961 -> 1df65f2757c8fddc8353aaa024b2c0e44b0a9ad39448669c6e933699b00da8be
2026-04-28T06:51:42Z d45545c5-ded5-4335-b115-0245752edacf 12725 task-12725-lifecycle-dispatch-rev1 1df65f2757c8fddc8353aaa024b2c0e44b0a9ad39448669c6e933699b00da8be -> 61141e1b3b9db9f8a9c4dd8fd7182fb9a859150168f3b8ab30ac91b3f901b66a
2026-04-28T15:31:41Z d45545c5-ded5-4335-b115-0245752edacf 12725 task-12725-lifecycle-dispatch-rev1 61141e1b3b9db9f8a9c4dd8fd7182fb9a859150168f3b8ab30ac91b3f901b66a -> 18b0ba960ee4ff22091179f2151cca401ab79b14ce3c8b8acf691c8feb9e789c
2026-05-01T22:56:58Z d45545c5-ded5-4335-b115-0245752edacf #13482 task-13482-stage-manifest-cutover c6a71ec52f5e4c06f99c7079cb014b4a2ff2e6d58c508a88c598ffd90d805f58 -> 6b17d3abc33b7d1bb74a3bad8bce7cf00b6a28d3fd5bfaa199cbc66152dfa481
2026-05-01T23:41:43Z d45545c5-ded5-4335-b115-0245752edacf #13482 task-13482-stage-manifest-cutover 6b17d3abc33b7d1bb74a3bad8bce7cf00b6a28d3fd5bfaa199cbc66152dfa481 -> 73c7c95aeda2cdd5f63ecef68867fcc4729967effca51722fc7de3e2dc03afa8
2026-05-13T01:58:50Z d45545c5-ded5-4335-b115-0245752edacf 12746 task-12746-neo4j-falkordb-swap aefe314692590d2ba20fe9a6b31db32fbeb061217baa99529b21f80eea5577d8 -> e7821fe7d9c6a7e2bbb3e5ab2c785c10b735ea8c1732a25005fb5f0228b197c4
2026-05-13T02:48:16Z d45545c5-ded5-4335-b115-0245752edacf 12746 task-12746-neo4j-falkordb-swap e7821fe7d9c6a7e2bbb3e5ab2c785c10b735ea8c1732a25005fb5f0228b197c4 -> a348aea13d205e94a48b6e257034495e614a4de1fb9b98d032e626109e1332ce
2026-05-13T02:56:33Z d45545c5-ded5-4335-b115-0245752edacf 12746 task-12746-neo4j-falkordb-swap a348aea13d205e94a48b6e257034495e614a4de1fb9b98d032e626109e1332ce -> 45e0ec3e09f00799f63728ca55518a8083f8a52352bb0dbe4a80d2ed62b08227
2026-05-13T03:14:27Z d45545c5-ded5-4335-b115-0245752edacf 12746 task-12746-neo4j-falkordb-swap 45e0ec3e09f00799f63728ca55518a8083f8a52352bb0dbe4a80d2ed62b08227 -> 275b0dd4aa654bdd29a23334e6dd6a242c520112c2fb9bf197ee1c2040661066
2026-05-13T03:27:04Z d45545c5-ded5-4335-b115-0245752edacf 12746 task-12746-neo4j-falkordb-swap 275b0dd4aa654bdd29a23334e6dd6a242c520112c2fb9bf197ee1c2040661066 -> 8f0c478e8ff89f721ad6886cd701448347366213c6063550570a3a365fe6515a
2026-05-13T03:29:16Z d45545c5-ded5-4335-b115-0245752edacf 12746 task-12746-neo4j-falkordb-swap 8f0c478e8ff89f721ad6886cd701448347366213c6063550570a3a365fe6515a -> 48809d6dc373ff9aa1c8d5cadc02556f4e3f2d2e1b685f1d463a436b78192ccf
2026-05-13T03:47:58Z d45545c5-ded5-4335-b115-0245752edacf 12746 task-12746-neo4j-falkordb-swap 48809d6dc373ff9aa1c8d5cadc02556f4e3f2d2e1b685f1d463a436b78192ccf -> 0d5d2b55c513347779ebfd3f099c2a45ea7b1e5dc9a850205b8b1af61885250d
2026-05-13T04:06:33Z d45545c5-ded5-4335-b115-0245752edacf 12746 task-12746-neo4j-falkordb-swap 0d5d2b55c513347779ebfd3f099c2a45ea7b1e5dc9a850205b8b1af61885250d -> 642f1af2c1e9bbfadd779fcf184029be9dbaaebd676beb4afd30b5544606cecd
2026-05-13T04:22:37Z d45545c5-ded5-4335-b115-0245752edacf 12746 task-12746-neo4j-falkordb-swap 642f1af2c1e9bbfadd779fcf184029be9dbaaebd676beb4afd30b5544606cecd -> e2c265608ebea979b68202ccce333a0207ded919a08e28303538a08e0d98f668
2026-05-13T04:32:12Z d45545c5-ded5-4335-b115-0245752edacf 12746 task-12746-neo4j-falkordb-swap e2c265608ebea979b68202ccce333a0207ded919a08e28303538a08e0d98f668 -> b48c57abb7baa3752c597b2254b82f2cca2af0aabb0ba95c2fb83b1f84d1ddc7
2026-05-13T04:46:47Z d45545c5-ded5-4335-b115-0245752edacf 12746 task-12746-neo4j-falkordb-swap b48c57abb7baa3752c597b2254b82f2cca2af0aabb0ba95c2fb83b1f84d1ddc7 -> c57139d378c0fab76084dbc7ca3aa120cbbf92252213335a529abd76eba98308
2026-05-13T04:57:53Z d45545c5-ded5-4335-b115-0245752edacf 12746 task-12746-neo4j-falkordb-swap c57139d378c0fab76084dbc7ca3aa120cbbf92252213335a529abd76eba98308 -> 6f430dc9781bd0b695c6161f2acbfee73b3f8142e651b29d0a697de43d04b7fd
2026-05-13T05:00:12Z d45545c5-ded5-4335-b115-0245752edacf 12746 task-12746-neo4j-falkordb-swap 6f430dc9781bd0b695c6161f2acbfee73b3f8142e651b29d0a697de43d04b7fd -> 7dd68a9a636e5bde1c6953dc2b87c644cb32c56e8e73454fc0fac8c249077890
2026-05-13T05:23:49Z d45545c5-ded5-4335-b115-0245752edacf 12746 task-12746-neo4j-falkordb-swap 7dd68a9a636e5bde1c6953dc2b87c644cb32c56e8e73454fc0fac8c249077890 -> 1d50b8fc4d3f72df717fa26e682cd77aec2a99a5d03eebcb3a677f344dbe12a9
2026-05-13T05:37:55Z d45545c5-ded5-4335-b115-0245752edacf 12746 task-12746-neo4j-falkordb-swap 1d50b8fc4d3f72df717fa26e682cd77aec2a99a5d03eebcb3a677f344dbe12a9 -> 0219a833b428eef55305cb176da039bedd5e902e495aa255e32741f738b301d5
2026-05-13T05:53:12Z d45545c5-ded5-4335-b115-0245752edacf 12746 task-12746-neo4j-falkordb-swap 0219a833b428eef55305cb176da039bedd5e902e495aa255e32741f738b301d5 -> ec3b4b581b2ef00dc3580a20ad1c69e47c90f3119e5b981f9d8cb286ad5300a7
2026-05-13T06:04:16Z d45545c5-ded5-4335-b115-0245752edacf 12746 task-12746-neo4j-falkordb-swap ec3b4b581b2ef00dc3580a20ad1c69e47c90f3119e5b981f9d8cb286ad5300a7 -> 83cf2833b5f8c0dda3e003f79c69ce48a24b358c88acdfc29ee92ab487a5ac57
2026-05-13T06:17:39Z d45545c5-ded5-4335-b115-0245752edacf 12746 task-12746-neo4j-falkordb-swap 83cf2833b5f8c0dda3e003f79c69ce48a24b358c88acdfc29ee92ab487a5ac57 -> c55e3ee2e63e84eab94c847a3eef8738387f2294e77bbf9e002b36692c43d359
2026-05-13T06:32:02Z d45545c5-ded5-4335-b115-0245752edacf 12746 task-12746-neo4j-falkordb-swap c55e3ee2e63e84eab94c847a3eef8738387f2294e77bbf9e002b36692c43d359 -> fb00b73f0232858febf07335b077646ed1e4f2b319caccfbde95ee5c17098879
2026-07-31T04:57:31Z d45545c5-ded5-4335-b115-0245752edacf #19379 gcore-schema-authority 064192fc10a171005a44dded4523f6507b44d3e83bc429a36d2b14bebe45ee45 -> 360c1e04aa70722b2bdac226e6886dba808c0e1c60ba8f13d2e11ddffdf0b946
2026-08-03T02:08:48Z d45545c5-ded5-4335-b115-0245752edacf #19379 gcore-schema-authority 360c1e04aa70722b2bdac226e6886dba808c0e1c60ba8f13d2e11ddffdf0b946 -> f07b0249f553ffcf65cc48ada75f6327eb5095a848a03469428e7a7cbb179ea3
2026-08-04T10:22:43Z d45545c5-ded5-4335-b115-0245752edacf 19585 m0-shared-datastores-bridge 7b6ead5c67da5b97423a9fbb418188ce2be6c485fa5a8a1603a827411a148fc2 -> 109b56c4ba2a4b06f68c8385fc896543abfa3bf012fa9867e24369e5a6f7028c
