// Vitest Snapshot v1, https://vitest.dev/guide/snapshot.html

exports[`DiffBlock — inline variant from synthetic lines > snapshot of standard add+remove diff stays stable 1`] = `
<div
  style="background: var(--code-bg); color: rgb(171, 178, 191); text-shadow: none; font-family: "Fira Code", "Fira Mono", Menlo, Consolas, "DejaVu Sans Mono", monospace; direction: ltr; text-align: left; white-space: pre-wrap; word-spacing: normal; word-break: normal; line-height: 1.5; tab-size: 2; hyphens: none; padding: 0.75rem; margin: 0px; overflow: auto; border-radius: 0.25rem; font-size: 0.75rem; max-height: 24rem; overflow-y: auto; overflow-x: hidden; overflow-wrap: anywhere;"
>
  <code
    class="language-text"
    style="white-space: pre; background: transparent; color: rgb(171, 178, 191); text-shadow: none; font-family: "SF Mono", "Fira Code", "JetBrains Mono", monospace; direction: ltr; text-align: left; word-spacing: normal; word-break: normal; line-height: 1.5; tab-size: 2; hyphens: none;"
  >
    <span
      style="background: transparent; display: block;"
    >
      <span
        class="linenumber react-syntax-highlighter-line-number"
        style="display: inline-block; min-width: 2.5em; padding-right: 1em; text-align: right; user-select: none; color: rgb(92, 99, 112); font-style: italic;"
      >
        1
      </span>
      <span>
          alpha

      </span>
    </span>
    <span
      style="background: color-mix(in srgb, var(--color-error) 25%, transparent); display: block;"
    >
      <span
        class="linenumber react-syntax-highlighter-line-number"
        style="display: inline-block; min-width: 2.5em; padding-right: 1em; text-align: right; user-select: none; color: rgb(92, 99, 112); font-style: italic;"
      >
        2
      </span>
      - beta

    </span>
    <span
      style="background: color-mix(in srgb, var(--color-success-foreground) 15%, transparent); display: block;"
    >
      <span
        class="linenumber react-syntax-highlighter-line-number"
        style="display: inline-block; min-width: 2.5em; padding-right: 1em; text-align: right; user-select: none; color: rgb(92, 99, 112); font-style: italic;"
      >
        3
      </span>
      + BETA

    </span>
    <span
      style="background: transparent; display: block;"
    >
      <span
        class="linenumber react-syntax-highlighter-line-number"
        style="display: inline-block; min-width: 2.5em; padding-right: 1em; text-align: right; user-select: none; color: rgb(92, 99, 112); font-style: italic;"
      >
        4
      </span>
        gamma

    </span>
    <span
      style="background: color-mix(in srgb, var(--color-success-foreground) 15%, transparent); display: block;"
    >
      <span
        class="linenumber react-syntax-highlighter-line-number"
        style="display: inline-block; min-width: 2.5em; padding-right: 1em; text-align: right; user-select: none; color: rgb(92, 99, 112); font-style: italic;"
      >
        5
      </span>
      + delta

    </span>
    <span
      style="background: transparent; display: block;"
    >
      <span
        class="linenumber react-syntax-highlighter-line-number"
        style="display: inline-block; min-width: 2.5em; padding-right: 1em; text-align: right; user-select: none; color: rgb(92, 99, 112); font-style: italic;"
      >
        6
      </span>
        
    </span>
  </code>
</div>
`;
